
===========================================================================
report_checks -path_delay max (Setup)
============================================================================
======================= nom_typ_1p20V_25C Corner ===================================

Startpoint: col_addr[0] (input port clocked by clk)
Endpoint: data_out_bar (output port clocked by clk)
Path Group: clk
Path Type: max

Fanout         Cap        Slew       Delay        Time   Description
---------------------------------------------------------------------------------------------
                                  0.000000    0.000000   clock clk (rise edge)
                                  0.000000    0.000000   clock network delay (propagated)
                                  2.000000    2.000000 ^ input external delay
     1    0.003086    0.020306    0.002529    2.002529 ^ col_addr[0] (in)
                                                         col_addr[0] (net)
                      0.020306    0.000000    2.002529 ^ input1/A (sg13g2_buf_1)
     4    0.026104    0.112341    0.123179    2.125707 ^ input1/X (sg13g2_buf_1)
                                                         net1 (net)
                      0.112345    0.000504    2.126211 ^ fanout15/A (sg13g2_buf_1)
     8    0.057830    0.239713    0.249085    2.375296 ^ fanout15/X (sg13g2_buf_1)
                                                         net15 (net)
                      0.239715    0.000595    2.375891 ^ _073_/S0 (sg13g2_mux4_1)
     1    0.003686    0.043392    0.285061    2.660952 v _073_/X (sg13g2_mux4_1)
                                                         _025_ (net)
                      0.043392    0.000028    2.660980 v _075_/B (sg13g2_nand2b_1)
     2    0.009335    0.054197    0.060350    2.721330 ^ _075_/Y (sg13g2_nand2b_1)
                                                         _027_ (net)
                      0.054197    0.000220    2.721550 ^ _079_/C (sg13g2_and4_1)
     1    0.003133    0.039040    0.156526    2.878076 ^ _079_/X (sg13g2_and4_1)
                                                         net9 (net)
                      0.039040    0.000028    2.878105 ^ output9/A (sg13g2_buf_1)
     1    0.006000    0.035368    0.073104    2.951209 ^ output9/X (sg13g2_buf_1)
                                                         data_out_bar (net)
                      0.035368    0.000000    2.951209 ^ data_out_bar (out)
                                              2.951209   data arrival time

                                 10.000000   10.000000   clock clk (rise edge)
                                  0.000000   10.000000   clock network delay (propagated)
                                 -0.250000    9.750000   clock uncertainty
                                  0.000000    9.750000   clock reconvergence pessimism
                                 -2.000000    7.750000   output external delay
                                              7.750000   data required time
---------------------------------------------------------------------------------------------
                                              7.750000   data required time
                                             -2.951209   data arrival time
---------------------------------------------------------------------------------------------
                                              4.798791   slack (MET)


Startpoint: col_addr[0] (input port clocked by clk)
Endpoint: data_out (output port clocked by clk)
Path Group: clk
Path Type: max

Fanout         Cap        Slew       Delay        Time   Description
---------------------------------------------------------------------------------------------
                                  0.000000    0.000000   clock clk (rise edge)
                                  0.000000    0.000000   clock network delay (propagated)
                                  2.000000    2.000000 ^ input external delay
     1    0.003086    0.020306    0.002529    2.002529 ^ col_addr[0] (in)
                                                         col_addr[0] (net)
                      0.020306    0.000000    2.002529 ^ input1/A (sg13g2_buf_1)
     4    0.026104    0.112341    0.123179    2.125707 ^ input1/X (sg13g2_buf_1)
                                                         net1 (net)
                      0.112345    0.000504    2.126211 ^ fanout15/A (sg13g2_buf_1)
     8    0.057830    0.239713    0.249085    2.375296 ^ fanout15/X (sg13g2_buf_1)
                                                         net15 (net)
                      0.239715    0.000595    2.375891 ^ _073_/S0 (sg13g2_mux4_1)
     1    0.003686    0.043392    0.285061    2.660952 v _073_/X (sg13g2_mux4_1)
                                                         _025_ (net)
                      0.043392    0.000028    2.660980 v _075_/B (sg13g2_nand2b_1)
     2    0.009335    0.054197    0.060350    2.721330 ^ _075_/Y (sg13g2_nand2b_1)
                                                         _027_ (net)
                      0.054197    0.000215    2.721545 ^ _080_/C (sg13g2_nand4_1)
     1    0.003780    0.082006    0.113216    2.834760 v _080_/Y (sg13g2_nand4_1)
                                                         net8 (net)
                      0.082006    0.000049    2.834810 v output8/A (sg13g2_buf_1)
     1    0.006000    0.030778    0.091932    2.926742 v output8/X (sg13g2_buf_1)
                                                         data_out (net)
                      0.030778    0.000000    2.926742 v data_out (out)
                                              2.926742   data arrival time

                                 10.000000   10.000000   clock clk (rise edge)
                                  0.000000   10.000000   clock network delay (propagated)
                                 -0.250000    9.750000   clock uncertainty
                                  0.000000    9.750000   clock reconvergence pessimism
                                 -2.000000    7.750000   output external delay
                                              7.750000   data required time
---------------------------------------------------------------------------------------------
                                              7.750000   data required time
                                             -2.926742   data arrival time
---------------------------------------------------------------------------------------------
                                              4.823258   slack (MET)


Startpoint: col_addr[0] (input port clocked by clk)
Endpoint: _121_ (rising edge-triggered flip-flop clocked by clk)
Path Group: clk
Path Type: max

Fanout         Cap        Slew       Delay        Time   Description
---------------------------------------------------------------------------------------------
                                  0.000000    0.000000   clock clk (rise edge)
                                  0.000000    0.000000   clock network delay (propagated)
                                  2.000000    2.000000 ^ input external delay
     1    0.003086    0.020306    0.002529    2.002529 ^ col_addr[0] (in)
                                                         col_addr[0] (net)
                      0.020306    0.000000    2.002529 ^ input1/A (sg13g2_buf_1)
     4    0.026104    0.112341    0.123179    2.125707 ^ input1/X (sg13g2_buf_1)
                                                         net1 (net)
                      0.112345    0.000504    2.126211 ^ fanout15/A (sg13g2_buf_1)
     8    0.057830    0.239713    0.249085    2.375296 ^ fanout15/X (sg13g2_buf_1)
                                                         net15 (net)
                      0.239715    0.000493    2.375790 ^ _064_/B (sg13g2_nand2b_1)
     4    0.017371    0.139454    0.183380    2.559170 v _064_/Y (sg13g2_nand2b_1)
                                                         _016_ (net)
                      0.139454    0.000143    2.559314 v _096_/A (sg13g2_nor3_1)
     1    0.007536    0.135402    0.170429    2.729743 ^ _096_/Y (sg13g2_nor3_1)
                                                         _039_ (net)
                      0.135402    0.000123    2.729866 ^ _097_/S (sg13g2_mux2_1)
     1    0.002915    0.036674    0.188289    2.918154 v _097_/X (sg13g2_mux2_1)
                                                         _007_ (net)
                      0.036674    0.000032    2.918187 v _121_/D (sg13g2_dfrbpq_1)
                                              2.918187   data arrival time

                                 10.000000   10.000000   clock clk (rise edge)
                                  0.000000   10.000000   clock source latency
     1    0.020337    0.035537    0.017021   10.017021 ^ clk (in)
                                                         clk (net)
                      0.035552    0.000000   10.017021 ^ clkbuf_0_clk/A (sg13g2_buf_16)
     4    0.073970    0.031771    0.078308   10.095329 ^ clkbuf_0_clk/X (sg13g2_buf_16)
                                                         clknet_0_clk (net)
                      0.031774    0.000564   10.095893 ^ clkbuf_2_0__f_clk/A (sg13g2_buf_16)
     4    0.015078    0.018405    0.065112   10.161006 ^ clkbuf_2_0__f_clk/X (sg13g2_buf_16)
                                                         clknet_2_0__leaf_clk (net)
                      0.018406    0.000098   10.161103 ^ _121_/CLK (sg13g2_dfrbpq_1)
                                 -0.250000    9.911103   clock uncertainty
                                  0.000000    9.911103   clock reconvergence pessimism
                                 -0.119039    9.792065   library setup time
                                              9.792065   data required time
---------------------------------------------------------------------------------------------
                                              9.792065   data required time
                                             -2.918187   data arrival time
---------------------------------------------------------------------------------------------
                                              6.873878   slack (MET)


Startpoint: col_addr[0] (input port clocked by clk)
Endpoint: _118_ (rising edge-triggered flip-flop clocked by clk)
Path Group: clk
Path Type: max

Fanout         Cap        Slew       Delay        Time   Description
---------------------------------------------------------------------------------------------
                                  0.000000    0.000000   clock clk (rise edge)
                                  0.000000    0.000000   clock network delay (propagated)
                                  2.000000    2.000000 ^ input external delay
     1    0.003086    0.020306    0.002529    2.002529 ^ col_addr[0] (in)
                                                         col_addr[0] (net)
                      0.020306    0.000000    2.002529 ^ input1/A (sg13g2_buf_1)
     4    0.026104    0.112341    0.123179    2.125707 ^ input1/X (sg13g2_buf_1)
                                                         net1 (net)
                      0.112345    0.000504    2.126211 ^ fanout15/A (sg13g2_buf_1)
     8    0.057830    0.239713    0.249085    2.375296 ^ fanout15/X (sg13g2_buf_1)
                                                         net15 (net)
                      0.239715    0.000493    2.375790 ^ _064_/B (sg13g2_nand2b_1)
     4    0.017371    0.139454    0.183380    2.559170 v _064_/Y (sg13g2_nand2b_1)
                                                         _016_ (net)
                      0.139454    0.000109    2.559279 v _090_/A (sg13g2_nor3_1)
     1    0.007428    0.134205    0.169448    2.728727 ^ _090_/Y (sg13g2_nor3_1)
                                                         _036_ (net)
                      0.134205    0.000113    2.728840 ^ _091_/S (sg13g2_mux2_1)
     1    0.002984    0.036723    0.188163    2.917004 v _091_/X (sg13g2_mux2_1)
                                                         _004_ (net)
                      0.036723    0.000035    2.917038 v _118_/D (sg13g2_dfrbpq_1)
                                              2.917038   data arrival time

                                 10.000000   10.000000   clock clk (rise edge)
                                  0.000000   10.000000   clock source latency
     1    0.020337    0.035537    0.017021   10.017021 ^ clk (in)
                                                         clk (net)
                      0.035552    0.000000   10.017021 ^ clkbuf_0_clk/A (sg13g2_buf_16)
     4    0.073970    0.031771    0.078308   10.095329 ^ clkbuf_0_clk/X (sg13g2_buf_16)
                                                         clknet_0_clk (net)
                      0.031785    0.000766   10.096096 ^ clkbuf_2_2__f_clk/A (sg13g2_buf_16)
     4    0.014469    0.018265    0.064998   10.161094 ^ clkbuf_2_2__f_clk/X (sg13g2_buf_16)
                                                         clknet_2_2__leaf_clk (net)
                      0.018265    0.000099   10.161192 ^ _118_/CLK (sg13g2_dfrbpq_1)
                                 -0.250000    9.911192   clock uncertainty
                                  0.000000    9.911192   clock reconvergence pessimism
                                 -0.119092    9.792100   library setup time
                                              9.792100   data required time
---------------------------------------------------------------------------------------------
                                              9.792100   data required time
                                             -2.917038   data arrival time
---------------------------------------------------------------------------------------------
                                              6.875062   slack (MET)


Startpoint: col_addr[0] (input port clocked by clk)
Endpoint: _120_ (rising edge-triggered flip-flop clocked by clk)
Path Group: clk
Path Type: max

Fanout         Cap        Slew       Delay        Time   Description
---------------------------------------------------------------------------------------------
                                  0.000000    0.000000   clock clk (rise edge)
                                  0.000000    0.000000   clock network delay (propagated)
                                  2.000000    2.000000 ^ input external delay
     1    0.003086    0.020306    0.002529    2.002529 ^ col_addr[0] (in)
                                                         col_addr[0] (net)
                      0.020306    0.000000    2.002529 ^ input1/A (sg13g2_buf_1)
     4    0.026104    0.112341    0.123179    2.125707 ^ input1/X (sg13g2_buf_1)
                                                         net1 (net)
                      0.112345    0.000504    2.126211 ^ fanout15/A (sg13g2_buf_1)
     8    0.057830    0.239713    0.249085    2.375296 ^ fanout15/X (sg13g2_buf_1)
                                                         net15 (net)
                      0.239717    0.000839    2.376135 ^ _065_/B (sg13g2_nand2_1)
     4    0.017197    0.136342    0.180179    2.556314 v _065_/Y (sg13g2_nand2_1)
                                                         _017_ (net)
                      0.136342    0.000168    2.556482 v _094_/A (sg13g2_nor3_1)
     1    0.007407    0.133978    0.168564    2.725047 ^ _094_/Y (sg13g2_nor3_1)
                                                         _038_ (net)
                      0.133978    0.000115    2.725162 ^ _095_/S (sg13g2_mux2_1)
     1    0.002641    0.035883    0.187091    2.912252 v _095_/X (sg13g2_mux2_1)
                                                         _006_ (net)
                      0.035883    0.000026    2.912278 v _120_/D (sg13g2_dfrbpq_1)
                                              2.912278   data arrival time

                                 10.000000   10.000000   clock clk (rise edge)
                                  0.000000   10.000000   clock source latency
     1    0.020337    0.035537    0.017021   10.017021 ^ clk (in)
                                                         clk (net)
                      0.035552    0.000000   10.017021 ^ clkbuf_0_clk/A (sg13g2_buf_16)
     4    0.073970    0.031771    0.078308   10.095329 ^ clkbuf_0_clk/X (sg13g2_buf_16)
                                                         clknet_0_clk (net)
                      0.031785    0.000766   10.096096 ^ clkbuf_2_2__f_clk/A (sg13g2_buf_16)
     4    0.014469    0.018265    0.064998   10.161094 ^ clkbuf_2_2__f_clk/X (sg13g2_buf_16)
                                                         clknet_2_2__leaf_clk (net)
                      0.018265    0.000086   10.161180 ^ _120_/CLK (sg13g2_dfrbpq_1)
                                 -0.250000    9.911180   clock uncertainty
                                  0.000000    9.911180   clock reconvergence pessimism
                                 -0.118789    9.792390   library setup time
                                              9.792390   data required time
---------------------------------------------------------------------------------------------
                                              9.792390   data required time
                                             -2.912278   data arrival time
---------------------------------------------------------------------------------------------
                                              6.880112   slack (MET)


Startpoint: col_addr[0] (input port clocked by clk)
Endpoint: _129_ (rising edge-triggered flip-flop clocked by clk)
Path Group: clk
Path Type: max

Fanout         Cap        Slew       Delay        Time   Description
---------------------------------------------------------------------------------------------
                                  0.000000    0.000000   clock clk (rise edge)
                                  0.000000    0.000000   clock network delay (propagated)
                                  2.000000    2.000000 ^ input external delay
     1    0.003086    0.020306    0.002529    2.002529 ^ col_addr[0] (in)
                                                         col_addr[0] (net)
                      0.020306    0.000000    2.002529 ^ input1/A (sg13g2_buf_1)
     4    0.026104    0.112341    0.123179    2.125707 ^ input1/X (sg13g2_buf_1)
                                                         net1 (net)
                      0.112345    0.000504    2.126211 ^ fanout15/A (sg13g2_buf_1)
     8    0.057830    0.239713    0.249085    2.375296 ^ fanout15/X (sg13g2_buf_1)
                                                         net15 (net)
                      0.239715    0.000493    2.375790 ^ _064_/B (sg13g2_nand2b_1)
     4    0.017371    0.139454    0.183380    2.559170 v _064_/Y (sg13g2_nand2b_1)
                                                         _016_ (net)
                      0.139454    0.000115    2.559285 v _112_/A (sg13g2_nor3_1)
     1    0.007041    0.130140    0.165936    2.725221 ^ _112_/Y (sg13g2_nor3_1)
                                                         _047_ (net)
                      0.130140    0.000089    2.725311 ^ _113_/S (sg13g2_mux2_1)
     1    0.002863    0.036548    0.186691    2.912002 v _113_/X (sg13g2_mux2_1)
                                                         _015_ (net)
                      0.036548    0.000032    2.912034 v _129_/D (sg13g2_dfrbpq_1)
                                              2.912034   data arrival time

                                 10.000000   10.000000   clock clk (rise edge)
                                  0.000000   10.000000   clock source latency
     1    0.020337    0.035537    0.017021   10.017021 ^ clk (in)
                                                         clk (net)
                      0.035552    0.000000   10.017021 ^ clkbuf_0_clk/A (sg13g2_buf_16)
     4    0.073970    0.031771    0.078308   10.095329 ^ clkbuf_0_clk/X (sg13g2_buf_16)
                                                         clknet_0_clk (net)
                      0.031813    0.001105   10.096435 ^ clkbuf_2_1__f_clk/A (sg13g2_buf_16)
     4    0.014208    0.018206    0.064961   10.161396 ^ clkbuf_2_1__f_clk/X (sg13g2_buf_16)
                                                         clknet_2_1__leaf_clk (net)
                      0.018206    0.000089   10.161485 ^ _129_/CLK (sg13g2_dfrbpq_1)
                                 -0.250000    9.911485   clock uncertainty
                                  0.000000    9.911485   clock reconvergence pessimism
                                 -0.119044    9.792440   library setup time
                                              9.792440   data required time
---------------------------------------------------------------------------------------------
                                              9.792440   data required time
                                             -2.912034   data arrival time
---------------------------------------------------------------------------------------------
                                              6.880406   slack (MET)


Startpoint: col_addr[0] (input port clocked by clk)
Endpoint: _125_ (rising edge-triggered flip-flop clocked by clk)
Path Group: clk
Path Type: max

Fanout         Cap        Slew       Delay        Time   Description
---------------------------------------------------------------------------------------------
                                  0.000000    0.000000   clock clk (rise edge)
                                  0.000000    0.000000   clock network delay (propagated)
                                  2.000000    2.000000 ^ input external delay
     1    0.003086    0.020306    0.002529    2.002529 ^ col_addr[0] (in)
                                                         col_addr[0] (net)
                      0.020306    0.000000    2.002529 ^ input1/A (sg13g2_buf_1)
     4    0.026104    0.112341    0.123179    2.125707 ^ input1/X (sg13g2_buf_1)
                                                         net1 (net)
                      0.112345    0.000504    2.126211 ^ fanout15/A (sg13g2_buf_1)
     8    0.057830    0.239713    0.249085    2.375296 ^ fanout15/X (sg13g2_buf_1)
                                                         net15 (net)
                      0.239715    0.000493    2.375790 ^ _064_/B (sg13g2_nand2b_1)
     4    0.017371    0.139454    0.183380    2.559170 v _064_/Y (sg13g2_nand2b_1)
                                                         _016_ (net)
                      0.139454    0.000050    2.559220 v _104_/A (sg13g2_nor3_1)
     1    0.007047    0.130199    0.165985    2.725205 ^ _104_/Y (sg13g2_nor3_1)
                                                         _043_ (net)
                      0.130199    0.000089    2.725294 ^ _105_/S (sg13g2_mux2_1)
     1    0.002196    0.034781    0.184746    2.910040 v _105_/X (sg13g2_mux2_1)
                                                         _011_ (net)
                      0.034781    0.000016    2.910056 v _125_/D (sg13g2_dfrbpq_1)
                                              2.910056   data arrival time

                                 10.000000   10.000000   clock clk (rise edge)
                                  0.000000   10.000000   clock source latency
     1    0.020337    0.035537    0.017021   10.017021 ^ clk (in)
                                                         clk (net)
                      0.035552    0.000000   10.017021 ^ clkbuf_0_clk/A (sg13g2_buf_16)
     4    0.073970    0.031771    0.078308   10.095329 ^ clkbuf_0_clk/X (sg13g2_buf_16)
                                                         clknet_0_clk (net)
                      0.031812    0.001095   10.096424 ^ clkbuf_2_3__f_clk/A (sg13g2_buf_16)
     4    0.014015    0.018161    0.064924   10.161348 ^ clkbuf_2_3__f_clk/X (sg13g2_buf_16)
                                                         clknet_2_3__leaf_clk (net)
                      0.018161    0.000081   10.161429 ^ _125_/CLK (sg13g2_dfrbpq_1)
                                 -0.250000    9.911429   clock uncertainty
                                  0.000000    9.911429   clock reconvergence pessimism
                                 -0.118419    9.793011   library setup time
                                              9.793011   data required time
---------------------------------------------------------------------------------------------
                                              9.793011   data required time
                                             -2.910056   data arrival time
---------------------------------------------------------------------------------------------
                                              6.882955   slack (MET)


Startpoint: col_addr[0] (input port clocked by clk)
Endpoint: _123_ (rising edge-triggered flip-flop clocked by clk)
Path Group: clk
Path Type: max

Fanout         Cap        Slew       Delay        Time   Description
---------------------------------------------------------------------------------------------
                                  0.000000    0.000000   clock clk (rise edge)
                                  0.000000    0.000000   clock network delay (propagated)
                                  2.000000    2.000000 ^ input external delay
     1    0.003086    0.020306    0.002529    2.002529 ^ col_addr[0] (in)
                                                         col_addr[0] (net)
                      0.020306    0.000000    2.002529 ^ input1/A (sg13g2_buf_1)
     4    0.026104    0.112341    0.123179    2.125707 ^ input1/X (sg13g2_buf_1)
                                                         net1 (net)
                      0.112345    0.000504    2.126211 ^ fanout15/A (sg13g2_buf_1)
     8    0.057830    0.239713    0.249085    2.375296 ^ fanout15/X (sg13g2_buf_1)
                                                         net15 (net)
                      0.239717    0.000839    2.376135 ^ _065_/B (sg13g2_nand2_1)
     4    0.017197    0.136342    0.180179    2.556314 v _065_/Y (sg13g2_nand2_1)
                                                         _017_ (net)
                      0.136342    0.000111    2.556425 v _100_/A (sg13g2_nor3_1)
     1    0.006414    0.123101    0.159558    2.715983 ^ _100_/Y (sg13g2_nor3_1)
                                                         _041_ (net)
                      0.123101    0.000049    2.716032 ^ _101_/S (sg13g2_mux2_1)
     1    0.003378    0.037796    0.186269    2.902301 v _101_/X (sg13g2_mux2_1)
                                                         _009_ (net)
                      0.037796    0.000048    2.902349 v _123_/D (sg13g2_dfrbpq_1)
                                              2.902349   data arrival time

                                 10.000000   10.000000   clock clk (rise edge)
                                  0.000000   10.000000   clock source latency
     1    0.020337    0.035537    0.017021   10.017021 ^ clk (in)
                                                         clk (net)
                      0.035552    0.000000   10.017021 ^ clkbuf_0_clk/A (sg13g2_buf_16)
     4    0.073970    0.031771    0.078308   10.095329 ^ clkbuf_0_clk/X (sg13g2_buf_16)
                                                         clknet_0_clk (net)
                      0.031774    0.000564   10.095893 ^ clkbuf_2_0__f_clk/A (sg13g2_buf_16)
     4    0.015078    0.018405    0.065112   10.161006 ^ clkbuf_2_0__f_clk/X (sg13g2_buf_16)
                                                         clknet_2_0__leaf_clk (net)
                      0.018406    0.000113   10.161119 ^ _123_/CLK (sg13g2_dfrbpq_1)
                                 -0.250000    9.911119   clock uncertainty
                                  0.000000    9.911119   clock reconvergence pessimism
                                 -0.119443    9.791676   library setup time
                                              9.791676   data required time
---------------------------------------------------------------------------------------------
                                              9.791676   data required time
                                             -2.902349   data arrival time
---------------------------------------------------------------------------------------------
                                              6.889326   slack (MET)


Startpoint: col_addr[0] (input port clocked by clk)
Endpoint: _127_ (rising edge-triggered flip-flop clocked by clk)
Path Group: clk
Path Type: max

Fanout         Cap        Slew       Delay        Time   Description
---------------------------------------------------------------------------------------------
                                  0.000000    0.000000   clock clk (rise edge)
                                  0.000000    0.000000   clock network delay (propagated)
                                  2.000000    2.000000 ^ input external delay
     1    0.003086    0.020306    0.002529    2.002529 ^ col_addr[0] (in)
                                                         col_addr[0] (net)
                      0.020306    0.000000    2.002529 ^ input1/A (sg13g2_buf_1)
     4    0.026104    0.112341    0.123179    2.125707 ^ input1/X (sg13g2_buf_1)
                                                         net1 (net)
                      0.112345    0.000504    2.126211 ^ fanout15/A (sg13g2_buf_1)
     8    0.057830    0.239713    0.249085    2.375296 ^ fanout15/X (sg13g2_buf_1)
                                                         net15 (net)
                      0.239717    0.000839    2.376135 ^ _065_/B (sg13g2_nand2_1)
     4    0.017197    0.136342    0.180179    2.556314 v _065_/Y (sg13g2_nand2_1)
                                                         _017_ (net)
                      0.136342    0.000093    2.556407 v _108_/A (sg13g2_nor3_1)
     1    0.006239    0.125567    0.157979    2.714386 ^ _108_/Y (sg13g2_nor3_1)
                                                         _045_ (net)
                      0.125567    0.000037    2.714423 ^ _109_/S (sg13g2_mux2_1)
     1    0.002416    0.035329    0.184121    2.898544 v _109_/X (sg13g2_mux2_1)
                                                         _013_ (net)
                      0.035329    0.000021    2.898564 v _127_/D (sg13g2_dfrbpq_1)
                                              2.898564   data arrival time

                                 10.000000   10.000000   clock clk (rise edge)
                                  0.000000   10.000000   clock source latency
     1    0.020337    0.035537    0.017021   10.017021 ^ clk (in)
                                                         clk (net)
                      0.035552    0.000000   10.017021 ^ clkbuf_0_clk/A (sg13g2_buf_16)
     4    0.073970    0.031771    0.078308   10.095329 ^ clkbuf_0_clk/X (sg13g2_buf_16)
                                                         clknet_0_clk (net)
                      0.031812    0.001095   10.096424 ^ clkbuf_2_3__f_clk/A (sg13g2_buf_16)
     4    0.014015    0.018161    0.064924   10.161348 ^ clkbuf_2_3__f_clk/X (sg13g2_buf_16)
                                                         clknet_2_3__leaf_clk (net)
                      0.018161    0.000087   10.161435 ^ _127_/CLK (sg13g2_dfrbpq_1)
                                 -0.250000    9.911435   clock uncertainty
                                  0.000000    9.911435   clock reconvergence pessimism
                                 -0.118617    9.792818   library setup time
                                              9.792818   data required time
---------------------------------------------------------------------------------------------
                                              9.792818   data required time
                                             -2.898564   data arrival time
---------------------------------------------------------------------------------------------
                                              6.894254   slack (MET)


Startpoint: col_addr[0] (input port clocked by clk)
Endpoint: _116_ (rising edge-triggered flip-flop clocked by clk)
Path Group: clk
Path Type: max

Fanout         Cap        Slew       Delay        Time   Description
---------------------------------------------------------------------------------------------
                                  0.000000    0.000000   clock clk (rise edge)
                                  0.000000    0.000000   clock network delay (propagated)
                                  2.000000    2.000000 ^ input external delay
     1    0.003086    0.020306    0.002529    2.002529 ^ col_addr[0] (in)
                                                         col_addr[0] (net)
                      0.020306    0.000000    2.002529 ^ input1/A (sg13g2_buf_1)
     4    0.026104    0.112341    0.123179    2.125707 ^ input1/X (sg13g2_buf_1)
                                                         net1 (net)
                      0.112345    0.000504    2.126211 ^ fanout15/A (sg13g2_buf_1)
     8    0.057830    0.239713    0.249085    2.375296 ^ fanout15/X (sg13g2_buf_1)
                                                         net15 (net)
                      0.239717    0.000839    2.376135 ^ _065_/B (sg13g2_nand2_1)
     4    0.017197    0.136342    0.180179    2.556314 v _065_/Y (sg13g2_nand2_1)
                                                         _017_ (net)
                      0.136342    0.000062    2.556376 v _086_/A (sg13g2_nor3_1)
     1    0.006282    0.126064    0.158370    2.714746 ^ _086_/Y (sg13g2_nor3_1)
                                                         _034_ (net)
                      0.126064    0.000039    2.714785 ^ _087_/S (sg13g2_mux2_1)
     1    0.002261    0.035064    0.183801    2.898586 v _087_/X (sg13g2_mux2_1)
                                                         _002_ (net)
                      0.035064    0.000017    2.898603 v _116_/D (sg13g2_dfrbpq_1)
                                              2.898603   data arrival time

                                 10.000000   10.000000   clock clk (rise edge)
                                  0.000000   10.000000   clock source latency
     1    0.020337    0.035537    0.017021   10.017021 ^ clk (in)
                                                         clk (net)
                      0.035552    0.000000   10.017021 ^ clkbuf_0_clk/A (sg13g2_buf_16)
     4    0.073970    0.031771    0.078308   10.095329 ^ clkbuf_0_clk/X (sg13g2_buf_16)
                                                         clknet_0_clk (net)
                      0.031813    0.001105   10.096435 ^ clkbuf_2_1__f_clk/A (sg13g2_buf_16)
     4    0.014208    0.018206    0.064961   10.161396 ^ clkbuf_2_1__f_clk/X (sg13g2_buf_16)
                                                         clknet_2_1__leaf_clk (net)
                      0.018206    0.000091   10.161487 ^ _116_/CLK (sg13g2_dfrbpq_1)
                                 -0.250000    9.911486   clock uncertainty
                                  0.000000    9.911486   clock reconvergence pessimism
                                 -0.118510    9.792976   library setup time
                                              9.792976   data required time
---------------------------------------------------------------------------------------------
                                              9.792976   data required time
                                             -2.898603   data arrival time
---------------------------------------------------------------------------------------------
                                              6.894373   slack (MET)


Startpoint: col_addr[0] (input port clocked by clk)
Endpoint: _122_ (rising edge-triggered flip-flop clocked by clk)
Path Group: clk
Path Type: max

Fanout         Cap        Slew       Delay        Time   Description
---------------------------------------------------------------------------------------------
                                  0.000000    0.000000   clock clk (rise edge)
                                  0.000000    0.000000   clock network delay (propagated)
                                  2.000000    2.000000 v input external delay
     1    0.003047    0.017228    0.002123    2.002123 v col_addr[0] (in)
                                                         col_addr[0] (net)
                      0.017228    0.000000    2.002123 v input1/A (sg13g2_buf_1)
     4    0.024782    0.082879    0.109951    2.112074 v input1/X (sg13g2_buf_1)
                                                         net1 (net)
                      0.082881    0.000478    2.112552 v fanout15/A (sg13g2_buf_1)
     8    0.053175    0.168816    0.202022    2.314574 v fanout15/X (sg13g2_buf_1)
                                                         net15 (net)
                      0.168818    0.000817    2.315392 v _066_/A_N (sg13g2_nand2b_1)
     4    0.018342    0.133654    0.188424    2.503815 v _066_/Y (sg13g2_nand2b_1)
                                                         _018_ (net)
                      0.133654    0.000192    2.504007 v _098_/A (sg13g2_nor3_1)
     1    0.008372    0.144711    0.176696    2.680703 ^ _098_/Y (sg13g2_nor3_1)
                                                         _040_ (net)
                      0.144711    0.000188    2.680891 ^ _099_/S (sg13g2_mux2_1)
     1    0.002571    0.035832    0.189836    2.870727 v _099_/X (sg13g2_mux2_1)
                                                         _008_ (net)
                      0.035832    0.000024    2.870751 v _122_/D (sg13g2_dfrbpq_1)
                                              2.870751   data arrival time

                                 10.000000   10.000000   clock clk (rise edge)
                                  0.000000   10.000000   clock source latency
     1    0.020337    0.035537    0.017021   10.017021 ^ clk (in)
                                                         clk (net)
                      0.035552    0.000000   10.017021 ^ clkbuf_0_clk/A (sg13g2_buf_16)
     4    0.073970    0.031771    0.078308   10.095329 ^ clkbuf_0_clk/X (sg13g2_buf_16)
                                                         clknet_0_clk (net)
                      0.031774    0.000564   10.095893 ^ clkbuf_2_0__f_clk/A (sg13g2_buf_16)
     4    0.015078    0.018405    0.065112   10.161006 ^ clkbuf_2_0__f_clk/X (sg13g2_buf_16)
                                                         clknet_2_0__leaf_clk (net)
                      0.018406    0.000111   10.161117 ^ _122_/CLK (sg13g2_dfrbpq_1)
                                 -0.250000    9.911117   clock uncertainty
                                  0.000000    9.911117   clock reconvergence pessimism
                                 -0.118735    9.792381   library setup time
                                              9.792381   data required time
---------------------------------------------------------------------------------------------
                                              9.792381   data required time
                                             -2.870751   data arrival time
---------------------------------------------------------------------------------------------
                                              6.921630   slack (MET)


Startpoint: col_addr[0] (input port clocked by clk)
Endpoint: _119_ (rising edge-triggered flip-flop clocked by clk)
Path Group: clk
Path Type: max

Fanout         Cap        Slew       Delay        Time   Description
---------------------------------------------------------------------------------------------
                                  0.000000    0.000000   clock clk (rise edge)
                                  0.000000    0.000000   clock network delay (propagated)
                                  2.000000    2.000000 v input external delay
     1    0.003047    0.017228    0.002123    2.002123 v col_addr[0] (in)
                                                         col_addr[0] (net)
                      0.017228    0.000000    2.002123 v input1/A (sg13g2_buf_1)
     4    0.024782    0.082879    0.109951    2.112074 v input1/X (sg13g2_buf_1)
                                                         net1 (net)
                      0.082881    0.000478    2.112552 v fanout15/A (sg13g2_buf_1)
     8    0.053175    0.168816    0.202022    2.314574 v fanout15/X (sg13g2_buf_1)
                                                         net15 (net)
                      0.168818    0.000817    2.315392 v _066_/A_N (sg13g2_nand2b_1)
     4    0.018342    0.133654    0.188424    2.503815 v _066_/Y (sg13g2_nand2b_1)
                                                         _018_ (net)
                      0.133654    0.000201    2.504016 v _092_/A (sg13g2_nor3_1)
     1    0.007379    0.133662    0.167705    2.671721 ^ _092_/Y (sg13g2_nor3_1)
                                                         _037_ (net)
                      0.133662    0.000113    2.671834 ^ _093_/S (sg13g2_mux2_1)
     1    0.003430    0.037803    0.189322    2.861156 v _093_/X (sg13g2_mux2_1)
                                                         _005_ (net)
                      0.037803    0.000049    2.861205 v _119_/D (sg13g2_dfrbpq_1)
                                              2.861205   data arrival time

                                 10.000000   10.000000   clock clk (rise edge)
                                  0.000000   10.000000   clock source latency
     1    0.020337    0.035537    0.017021   10.017021 ^ clk (in)
                                                         clk (net)
                      0.035552    0.000000   10.017021 ^ clkbuf_0_clk/A (sg13g2_buf_16)
     4    0.073970    0.031771    0.078308   10.095329 ^ clkbuf_0_clk/X (sg13g2_buf_16)
                                                         clknet_0_clk (net)
                      0.031785    0.000766   10.096096 ^ clkbuf_2_2__f_clk/A (sg13g2_buf_16)
     4    0.014469    0.018265    0.064998   10.161094 ^ clkbuf_2_2__f_clk/X (sg13g2_buf_16)
                                                         clknet_2_2__leaf_clk (net)
                      0.018265    0.000070   10.161163 ^ _119_/CLK (sg13g2_dfrbpq_1)
                                 -0.250000    9.911163   clock uncertainty
                                  0.000000    9.911163   clock reconvergence pessimism
                                 -0.119481    9.791682   library setup time
                                              9.791682   data required time
---------------------------------------------------------------------------------------------
                                              9.791682   data required time
                                             -2.861205   data arrival time
---------------------------------------------------------------------------------------------
                                              6.930478   slack (MET)


Startpoint: col_addr[0] (input port clocked by clk)
Endpoint: _115_ (rising edge-triggered flip-flop clocked by clk)
Path Group: clk
Path Type: max

Fanout         Cap        Slew       Delay        Time   Description
---------------------------------------------------------------------------------------------
                                  0.000000    0.000000   clock clk (rise edge)
                                  0.000000    0.000000   clock network delay (propagated)
                                  2.000000    2.000000 v input external delay
     1    0.003047    0.017228    0.002123    2.002123 v col_addr[0] (in)
                                                         col_addr[0] (net)
                      0.017228    0.000000    2.002123 v input1/A (sg13g2_buf_1)
     4    0.024782    0.082879    0.109951    2.112074 v input1/X (sg13g2_buf_1)
                                                         net1 (net)
                      0.082881    0.000478    2.112552 v fanout15/A (sg13g2_buf_1)
     8    0.053175    0.168816    0.202022    2.314574 v fanout15/X (sg13g2_buf_1)
                                                         net15 (net)
                      0.168818    0.000817    2.315392 v _066_/A_N (sg13g2_nand2b_1)
     4    0.018342    0.133654    0.188424    2.503815 v _066_/Y (sg13g2_nand2b_1)
                                                         _018_ (net)
                      0.133654    0.000065    2.503880 v _084_/A (sg13g2_nor3_1)
     1    0.007299    0.132974    0.166983    2.670863 ^ _084_/Y (sg13g2_nor3_1)
                                                         _033_ (net)
                      0.132974    0.000105    2.670968 ^ _085_/S (sg13g2_mux2_1)
     1    0.003057    0.037018    0.188038    2.859006 v _085_/X (sg13g2_mux2_1)
                                                         _001_ (net)
                      0.037018    0.000035    2.859041 v _115_/D (sg13g2_dfrbpq_1)
                                              2.859041   data arrival time

                                 10.000000   10.000000   clock clk (rise edge)
                                  0.000000   10.000000   clock source latency
     1    0.020337    0.035537    0.017021   10.017021 ^ clk (in)
                                                         clk (net)
                      0.035552    0.000000   10.017021 ^ clkbuf_0_clk/A (sg13g2_buf_16)
     4    0.073970    0.031771    0.078308   10.095329 ^ clkbuf_0_clk/X (sg13g2_buf_16)
                                                         clknet_0_clk (net)
                      0.031813    0.001105   10.096435 ^ clkbuf_2_1__f_clk/A (sg13g2_buf_16)
     4    0.014208    0.018206    0.064961   10.161396 ^ clkbuf_2_1__f_clk/X (sg13g2_buf_16)
                                                         clknet_2_1__leaf_clk (net)
                      0.018206    0.000065   10.161461 ^ _115_/CLK (sg13g2_dfrbpq_1)
                                 -0.250000    9.911460   clock uncertainty
                                  0.000000    9.911460   clock reconvergence pessimism
                                 -0.119214    9.792247   library setup time
                                              9.792247   data required time
---------------------------------------------------------------------------------------------
                                              9.792247   data required time
                                             -2.859041   data arrival time
---------------------------------------------------------------------------------------------
                                              6.933205   slack (MET)


Startpoint: col_addr[0] (input port clocked by clk)
Endpoint: _126_ (rising edge-triggered flip-flop clocked by clk)
Path Group: clk
Path Type: max

Fanout         Cap        Slew       Delay        Time   Description
---------------------------------------------------------------------------------------------
                                  0.000000    0.000000   clock clk (rise edge)
                                  0.000000    0.000000   clock network delay (propagated)
                                  2.000000    2.000000 v input external delay
     1    0.003047    0.017228    0.002123    2.002123 v col_addr[0] (in)
                                                         col_addr[0] (net)
                      0.017228    0.000000    2.002123 v input1/A (sg13g2_buf_1)
     4    0.024782    0.082879    0.109951    2.112074 v input1/X (sg13g2_buf_1)
                                                         net1 (net)
                      0.082881    0.000478    2.112552 v fanout15/A (sg13g2_buf_1)
     8    0.053175    0.168816    0.202022    2.314574 v fanout15/X (sg13g2_buf_1)
                                                         net15 (net)
                      0.168818    0.000817    2.315392 v _066_/A_N (sg13g2_nand2b_1)
     4    0.018342    0.133654    0.188424    2.503815 v _066_/Y (sg13g2_nand2b_1)
                                                         _018_ (net)
                      0.133654    0.000147    2.503962 v _106_/A (sg13g2_nor3_1)
     1    0.006153    0.124573    0.156607    2.660569 ^ _106_/Y (sg13g2_nor3_1)
                                                         _044_ (net)
                      0.124573    0.000032    2.660601 ^ _107_/S (sg13g2_mux2_1)
     1    0.002819    0.036319    0.185030    2.845632 v _107_/X (sg13g2_mux2_1)
                                                         _012_ (net)
                      0.036319    0.000031    2.845663 v _126_/D (sg13g2_dfrbpq_1)
                                              2.845663   data arrival time

                                 10.000000   10.000000   clock clk (rise edge)
                                  0.000000   10.000000   clock source latency
     1    0.020337    0.035537    0.017021   10.017021 ^ clk (in)
                                                         clk (net)
                      0.035552    0.000000   10.017021 ^ clkbuf_0_clk/A (sg13g2_buf_16)
     4    0.073970    0.031771    0.078308   10.095329 ^ clkbuf_0_clk/X (sg13g2_buf_16)
                                                         clknet_0_clk (net)
                      0.031812    0.001095   10.096424 ^ clkbuf_2_3__f_clk/A (sg13g2_buf_16)
     4    0.014015    0.018161    0.064924   10.161348 ^ clkbuf_2_3__f_clk/X (sg13g2_buf_16)
                                                         clknet_2_3__leaf_clk (net)
                      0.018161    0.000062   10.161410 ^ _126_/CLK (sg13g2_dfrbpq_1)
                                 -0.250000    9.911410   clock uncertainty
                                  0.000000    9.911410   clock reconvergence pessimism
                                 -0.118973    9.792438   library setup time
                                              9.792438   data required time
---------------------------------------------------------------------------------------------
                                              9.792438   data required time
                                             -2.845663   data arrival time
---------------------------------------------------------------------------------------------
                                              6.946774   slack (MET)


Startpoint: col_addr[0] (input port clocked by clk)
Endpoint: _114_ (rising edge-triggered flip-flop clocked by clk)
Path Group: clk
Path Type: max

Fanout         Cap        Slew       Delay        Time   Description
---------------------------------------------------------------------------------------------
                                  0.000000    0.000000   clock clk (rise edge)
                                  0.000000    0.000000   clock network delay (propagated)
                                  2.000000    2.000000 v input external delay
     1    0.003047    0.017228    0.002123    2.002123 v col_addr[0] (in)
                                                         col_addr[0] (net)
                      0.017228    0.000000    2.002123 v input1/A (sg13g2_buf_1)
     4    0.024782    0.082879    0.109951    2.112074 v input1/X (sg13g2_buf_1)
                                                         net1 (net)
                      0.082881    0.000478    2.112552 v fanout15/A (sg13g2_buf_1)
     8    0.053175    0.168816    0.202022    2.314574 v fanout15/X (sg13g2_buf_1)
                                                         net15 (net)
                      0.168817    0.000744    2.315319 v _082_/B (sg13g2_nor4_1)
     1    0.006975    0.178980    0.224197    2.539516 ^ _082_/Y (sg13g2_nor4_1)
                                                         _032_ (net)
                      0.178980    0.000085    2.539601 ^ _083_/S (sg13g2_mux2_1)
     1    0.002915    0.036674    0.199871    2.739472 v _083_/X (sg13g2_mux2_1)
                                                         _000_ (net)
                      0.036674    0.000032    2.739504 v _114_/D (sg13g2_dfrbpq_1)
                                              2.739504   data arrival time

                                 10.000000   10.000000   clock clk (rise edge)
                                  0.000000   10.000000   clock source latency
     1    0.020337    0.035537    0.017021   10.017021 ^ clk (in)
                                                         clk (net)
                      0.035552    0.000000   10.017021 ^ clkbuf_0_clk/A (sg13g2_buf_16)
     4    0.073970    0.031771    0.078308   10.095329 ^ clkbuf_0_clk/X (sg13g2_buf_16)
                                                         clknet_0_clk (net)
                      0.031774    0.000564   10.095893 ^ clkbuf_2_0__f_clk/A (sg13g2_buf_16)
     4    0.015078    0.018405    0.065112   10.161006 ^ clkbuf_2_0__f_clk/X (sg13g2_buf_16)
                                                         clknet_2_0__leaf_clk (net)
                      0.018406    0.000128   10.161134 ^ _114_/CLK (sg13g2_dfrbpq_1)
                                 -0.250000    9.911134   clock uncertainty
                                  0.000000    9.911134   clock reconvergence pessimism
                                 -0.119039    9.792094   library setup time
                                              9.792094   data required time
---------------------------------------------------------------------------------------------
                                              9.792094   data required time
                                             -2.739504   data arrival time
---------------------------------------------------------------------------------------------
                                              7.052590   slack (MET)


Startpoint: col_addr[0] (input port clocked by clk)
Endpoint: _117_ (rising edge-triggered flip-flop clocked by clk)
Path Group: clk
Path Type: max

Fanout         Cap        Slew       Delay        Time   Description
---------------------------------------------------------------------------------------------
                                  0.000000    0.000000   clock clk (rise edge)
                                  0.000000    0.000000   clock network delay (propagated)
                                  2.000000    2.000000 v input external delay
     1    0.003047    0.017228    0.002123    2.002123 v col_addr[0] (in)
                                                         col_addr[0] (net)
                      0.017228    0.000000    2.002123 v input1/A (sg13g2_buf_1)
     4    0.024782    0.082879    0.109951    2.112074 v input1/X (sg13g2_buf_1)
                                                         net1 (net)
                      0.082881    0.000478    2.112552 v fanout15/A (sg13g2_buf_1)
     8    0.053175    0.168816    0.202022    2.314574 v fanout15/X (sg13g2_buf_1)
                                                         net15 (net)
                      0.168817    0.000686    2.315261 v _088_/B (sg13g2_nor4_1)
     1    0.006172    0.172561    0.214483    2.529744 ^ _088_/Y (sg13g2_nor4_1)
                                                         _035_ (net)
                      0.172561    0.000033    2.529777 ^ _089_/S (sg13g2_mux2_1)
     1    0.002941    0.036619    0.198574    2.728351 v _089_/X (sg13g2_mux2_1)
                                                         _003_ (net)
                      0.036619    0.000034    2.728385 v _117_/D (sg13g2_dfrbpq_1)
                                              2.728385   data arrival time

                                 10.000000   10.000000   clock clk (rise edge)
                                  0.000000   10.000000   clock source latency
     1    0.020337    0.035537    0.017021   10.017021 ^ clk (in)
                                                         clk (net)
                      0.035552    0.000000   10.017021 ^ clkbuf_0_clk/A (sg13g2_buf_16)
     4    0.073970    0.031771    0.078308   10.095329 ^ clkbuf_0_clk/X (sg13g2_buf_16)
                                                         clknet_0_clk (net)
                      0.031785    0.000766   10.096096 ^ clkbuf_2_2__f_clk/A (sg13g2_buf_16)
     4    0.014469    0.018265    0.064998   10.161094 ^ clkbuf_2_2__f_clk/X (sg13g2_buf_16)
                                                         clknet_2_2__leaf_clk (net)
                      0.018265    0.000125   10.161219 ^ _117_/CLK (sg13g2_dfrbpq_1)
                                 -0.250000    9.911219   clock uncertainty
                                  0.000000    9.911219   clock reconvergence pessimism
                                 -0.119055    9.792164   library setup time
                                              9.792164   data required time
---------------------------------------------------------------------------------------------
                                              9.792164   data required time
                                             -2.728385   data arrival time
---------------------------------------------------------------------------------------------
                                              7.063779   slack (MET)


Startpoint: we_n (input port clocked by clk)
Endpoint: _128_ (rising edge-triggered flip-flop clocked by clk)
Path Group: clk
Path Type: max

Fanout         Cap        Slew       Delay        Time   Description
---------------------------------------------------------------------------------------------
                                  0.000000    0.000000   clock clk (rise edge)
                                  0.000000    0.000000   clock network delay (propagated)
                                  2.000000    2.000000 v input external delay
     1    0.003554    0.017590    0.002486    2.002486 v we_n (in)
                                                         we_n (net)
                      0.017590    0.000000    2.002486 v input7/A (sg13g2_buf_1)
     1    0.002481    0.018225    0.055918    2.058404 v input7/X (sg13g2_buf_1)
                                                         net7 (net)
                      0.018225    0.000012    2.058415 v _081_/A_N (sg13g2_nand2b_1)
     2    0.009290    0.065723    0.097945    2.156360 v _081_/Y (sg13g2_nand2b_1)
                                                         _031_ (net)
                      0.065745    0.000195    2.156555 v fanout11/A (sg13g2_buf_1)
     8    0.027466    0.091158    0.137431    2.293986 v fanout11/X (sg13g2_buf_1)
                                                         net11 (net)
                      0.091159    0.000477    2.294463 v _110_/D (sg13g2_nor4_1)
     1    0.007486    0.185728    0.172273    2.466736 ^ _110_/Y (sg13g2_nor4_1)
                                                         _046_ (net)
                      0.185728    0.000121    2.466856 ^ _111_/S (sg13g2_mux2_1)
     1    0.002818    0.036439    0.200913    2.667769 v _111_/X (sg13g2_mux2_1)
                                                         _014_ (net)
                      0.036439    0.000031    2.667801 v _128_/D (sg13g2_dfrbpq_1)
                                              2.667801   data arrival time

                                 10.000000   10.000000   clock clk (rise edge)
                                  0.000000   10.000000   clock source latency
     1    0.020337    0.035537    0.017021   10.017021 ^ clk (in)
                                                         clk (net)
                      0.035552    0.000000   10.017021 ^ clkbuf_0_clk/A (sg13g2_buf_16)
     4    0.073970    0.031771    0.078308   10.095329 ^ clkbuf_0_clk/X (sg13g2_buf_16)
                                                         clknet_0_clk (net)
                      0.031813    0.001105   10.096435 ^ clkbuf_2_1__f_clk/A (sg13g2_buf_16)
     4    0.014208    0.018206    0.064961   10.161396 ^ clkbuf_2_1__f_clk/X (sg13g2_buf_16)
                                                         clknet_2_1__leaf_clk (net)
                      0.018206    0.000075   10.161471 ^ _128_/CLK (sg13g2_dfrbpq_1)
                                 -0.250000    9.911471   clock uncertainty
                                  0.000000    9.911471   clock reconvergence pessimism
                                 -0.119005    9.792467   library setup time
                                              9.792467   data required time
---------------------------------------------------------------------------------------------
                                              9.792467   data required time
                                             -2.667801   data arrival time
---------------------------------------------------------------------------------------------
                                              7.124666   slack (MET)


Startpoint: we_n (input port clocked by clk)
Endpoint: _124_ (rising edge-triggered flip-flop clocked by clk)
Path Group: clk
Path Type: max

Fanout         Cap        Slew       Delay        Time   Description
---------------------------------------------------------------------------------------------
                                  0.000000    0.000000   clock clk (rise edge)
                                  0.000000    0.000000   clock network delay (propagated)
                                  2.000000    2.000000 v input external delay
     1    0.003554    0.017590    0.002486    2.002486 v we_n (in)
                                                         we_n (net)
                      0.017590    0.000000    2.002486 v input7/A (sg13g2_buf_1)
     1    0.002481    0.018225    0.055918    2.058404 v input7/X (sg13g2_buf_1)
                                                         net7 (net)
                      0.018225    0.000012    2.058415 v _081_/A_N (sg13g2_nand2b_1)
     2    0.009290    0.065723    0.097945    2.156360 v _081_/Y (sg13g2_nand2b_1)
                                                         _031_ (net)
                      0.065745    0.000195    2.156555 v fanout11/A (sg13g2_buf_1)
     8    0.027466    0.091158    0.137431    2.293986 v fanout11/X (sg13g2_buf_1)
                                                         net11 (net)
                      0.091158    0.000220    2.294206 v _102_/D (sg13g2_nor4_1)
     1    0.006993    0.178398    0.166325    2.460531 ^ _102_/Y (sg13g2_nor4_1)
                                                         _042_ (net)
                      0.178398    0.000086    2.460617 ^ _103_/S (sg13g2_mux2_1)
     1    0.002690    0.036004    0.199095    2.659712 v _103_/X (sg13g2_mux2_1)
                                                         _010_ (net)
                      0.036004    0.000028    2.659740 v _124_/D (sg13g2_dfrbpq_1)
                                              2.659740   data arrival time

                                 10.000000   10.000000   clock clk (rise edge)
                                  0.000000   10.000000   clock source latency
     1    0.020337    0.035537    0.017021   10.017021 ^ clk (in)
                                                         clk (net)
                      0.035552    0.000000   10.017021 ^ clkbuf_0_clk/A (sg13g2_buf_16)
     4    0.073970    0.031771    0.078308   10.095329 ^ clkbuf_0_clk/X (sg13g2_buf_16)
                                                         clknet_0_clk (net)
                      0.031812    0.001095   10.096424 ^ clkbuf_2_3__f_clk/A (sg13g2_buf_16)
     4    0.014015    0.018161    0.064924   10.161348 ^ clkbuf_2_3__f_clk/X (sg13g2_buf_16)
                                                         clknet_2_3__leaf_clk (net)
                      0.018161    0.000066   10.161414 ^ _124_/CLK (sg13g2_dfrbpq_1)
                                 -0.250000    9.911414   clock uncertainty
                                  0.000000    9.911414   clock reconvergence pessimism
                                 -0.118860    9.792555   library setup time
                                              9.792555   data required time
---------------------------------------------------------------------------------------------
                                              9.792555   data required time
                                             -2.659740   data arrival time
---------------------------------------------------------------------------------------------
                                              7.132814   slack (MET)



