
===========================================================================
report_checks -unconstrained
===========================================================================
======================= nom_fast_1p32V_m40C Corner ===================================

Startpoint: col_addr[0] (input port clocked by clk)
Endpoint: data_out_bar (output port clocked by clk)
Path Group: clk
Path Type: max

Fanout         Cap        Slew       Delay        Time   Description
---------------------------------------------------------------------------------------------
                                  0.000000    0.000000   clock clk (rise edge)
                                  0.000000    0.000000   clock network delay (propagated)
                                  2.000000    2.000000 ^ input external delay
     1    0.003249    0.013845    0.001864    2.001864 ^ col_addr[0] (in)
                                                         col_addr[0] (net)
                      0.013845    0.000000    2.001864 ^ input1/A (sg13g2_buf_1)
     4    0.031482    0.086368    0.089247    2.091111 ^ input1/X (sg13g2_buf_1)
                                                         net1 (net)
                      0.086421    0.001762    2.092873 ^ fanout15/A (sg13g2_buf_1)
     8    0.066134    0.176014    0.172895    2.265767 ^ fanout15/X (sg13g2_buf_1)
                                                         net15 (net)
                      0.176123    0.003634    2.269401 ^ _073_/S0 (sg13g2_mux4_1)
     1    0.003963    0.030593    0.185052    2.454453 v _073_/X (sg13g2_mux4_1)
                                                         _025_ (net)
                      0.030593    0.000157    2.454611 v _075_/B (sg13g2_nand2b_1)
     2    0.010973    0.039657    0.041605    2.496216 ^ _075_/Y (sg13g2_nand2b_1)
                                                         _027_ (net)
                      0.039677    0.000705    2.496921 ^ _079_/C (sg13g2_and4_1)
     1    0.003269    0.026945    0.105291    2.602212 ^ _079_/X (sg13g2_and4_1)
                                                         net9 (net)
                      0.026945    0.000248    2.602459 ^ output9/A (sg13g2_buf_1)
     1    0.007185    0.025211    0.049940    2.652399 ^ output9/X (sg13g2_buf_1)
                                                         data_out_bar (net)
                      0.025214    0.000300    2.652699 ^ data_out_bar (out)
                                              2.652699   data arrival time

                                 10.000000   10.000000   clock clk (rise edge)
                                  0.000000   10.000000   clock network delay (propagated)
                                 -0.250000    9.750000   clock uncertainty
                                  0.000000    9.750000   clock reconvergence pessimism
                                 -2.000000    7.750000   output external delay
                                              7.750000   data required time
---------------------------------------------------------------------------------------------
                                              7.750000   data required time
                                             -2.652699   data arrival time
---------------------------------------------------------------------------------------------
                                              5.097301   slack (MET)




===========================================================================
report_checks --slack_max -0.01
============================================================================
======================= nom_fast_1p32V_m40C Corner ===================================

No paths found.


===========================================================================
 report_check_types -max_slew -max_cap -max_fanout -violators
============================================================================
======================= nom_fast_1p32V_m40C Corner ===================================



===========================================================================
report_parasitic_annotation -report_unannotated
============================================================================
Found 1 unannotated drivers.
 oe_n
Found 0 partially unannotated drivers.

===========================================================================
max slew violation count 0
max fanout violation count 0
max cap violation count 0
============================================================================

===========================================================================
check_setup -verbose -unconstrained_endpoints -multiple_clock -no_clock -no_input_delay -loops -generated_clocks
===========================================================================
