
===========================================================================
 report_power
============================================================================
======================= nom_fast_1p32V_m40C Corner ===================================

Group                    Internal    Switching      Leakage        Total
                            Power        Power        Power        Power (Watts)
------------------------------------------------------------------------
Sequential           1.176388e-04 5.604307e-06 1.589550e-08 1.232590e-04  41.4%
Combinational        4.279089e-05 1.263642e-05 4.385576e-08 5.547117e-05  18.6%
Clock                9.193761e-05 2.662279e-05 1.907316e-07 1.187511e-04  39.9%
Macro                0.000000e+00 0.000000e+00 0.000000e+00 0.000000e+00   0.0%
Pad                  0.000000e+00 0.000000e+00 0.000000e+00 0.000000e+00   0.0%
------------------------------------------------------------------------
Total                2.523673e-04 4.486351e-05 2.504828e-07 2.974813e-04 100.0%
                            84.8%        15.1%         0.1%

