Clock: clk
Sources: clk 
Generated: no
Virtual: no
Propagated: no
Period: 10.000000

===========================================================================
report_clock_properties
============================================================================
Clock                   Period          Waveform
----------------------------------------------------
clk                  10.000000    0.000000  5.000000

===========================================================================
report_clock_latency
============================================================================
Clock clk
rise -> rise
    min     max
0.000000 0.000000 source latency
0.052301         network latency _114_/CLK
        0.060165 network latency _114_/CLK
---------------
0.052301 0.060165 latency
        0.007864 skew

fall -> fall
    min     max
0.000000 0.000000 source latency
0.042049         network latency _114_/CLK
        0.050877 network latency _114_/CLK
---------------
0.042049 0.050877 latency
        0.008828 skew



===========================================================================
report_clock_min_period
============================================================================
clk period_min = 0.00 fmax = inf
