
===========================================================================
report_checks -unconstrained
===========================================================================
======================= nom_typ_1p20V_25C Corner ===================================

Startpoint: col_addr[0] (input port clocked by clk)
Endpoint: data_out_bar (output port clocked by clk)
Path Group: clk
Path Type: max

Fanout         Cap        Slew       Delay        Time   Description
---------------------------------------------------------------------------------------------
                                  0.000000    0.000000   clock clk (rise edge)
                                  0.000000    0.000000   clock network delay (propagated)
                                  2.000000    2.000000 ^ input external delay
     1    0.003043    0.020261    0.002587    2.002587 ^ col_addr[0] (in)
                                                         col_addr[0] (net)
                      0.020261    0.000000    2.002587 ^ input1/A (sg13g2_buf_1)
     4    0.029945    0.127925    0.132709    2.135296 ^ input1/X (sg13g2_buf_1)
                                                         net1 (net)
                      0.127957    0.001673    2.136969 ^ fanout15/A (sg13g2_buf_1)
     8    0.062836    0.259169    0.264813    2.401782 ^ fanout15/X (sg13g2_buf_1)
                                                         net15 (net)
                      0.259234    0.003448    2.405230 ^ _073_/S0 (sg13g2_mux4_1)
     1    0.003615    0.043739    0.289444    2.694674 v _073_/X (sg13g2_mux4_1)
                                                         _025_ (net)
                      0.043739    0.000143    2.694817 v _075_/B (sg13g2_nand2b_1)
     2    0.010584    0.059043    0.064168    2.758986 ^ _075_/Y (sg13g2_nand2b_1)
                                                         _027_ (net)
                      0.059056    0.000676    2.759662 ^ _079_/C (sg13g2_and4_1)
     1    0.003064    0.038939    0.157993    2.917654 ^ _079_/X (sg13g2_and4_1)
                                                         net9 (net)
                      0.038939    0.000230    2.917885 ^ output9/A (sg13g2_buf_1)
     1    0.007185    0.038584    0.076401    2.994285 ^ output9/X (sg13g2_buf_1)
                                                         data_out_bar (net)
                      0.038586    0.000300    2.994585 ^ data_out_bar (out)
                                              2.994585   data arrival time

                                 10.000000   10.000000   clock clk (rise edge)
                                  0.000000   10.000000   clock network delay (propagated)
                                 -0.250000    9.750000   clock uncertainty
                                  0.000000    9.750000   clock reconvergence pessimism
                                 -2.000000    7.750000   output external delay
                                              7.750000   data required time
---------------------------------------------------------------------------------------------
                                              7.750000   data required time
                                             -2.994585   data arrival time
---------------------------------------------------------------------------------------------
                                              4.755415   slack (MET)




===========================================================================
report_checks --slack_max -0.01
============================================================================
======================= nom_typ_1p20V_25C Corner ===================================

No paths found.


===========================================================================
 report_check_types -max_slew -max_cap -max_fanout -violators
============================================================================
======================= nom_typ_1p20V_25C Corner ===================================



===========================================================================
report_parasitic_annotation -report_unannotated
============================================================================
Found 1 unannotated drivers.
 oe_n
Found 0 partially unannotated drivers.

===========================================================================
max slew violation count 0
max fanout violation count 0
max cap violation count 0
============================================================================

===========================================================================
check_setup -verbose -unconstrained_endpoints -multiple_clock -no_clock -no_input_delay -loops -generated_clocks
===========================================================================
